Token counts: {"train": {"rows": 372, "max_tokens": 165, "total_tokens": 38569}, "valid": {"rows": 94, "max_tokens": 186, "total_tokens": 9979}}
Trainable parameters: 0.411% (16.515M/4022.468M)
Starting training..., iters: 1116

Calculating loss...: 0it [00:00, ?it/s]
Calculating loss...: 1it [00:00,  1.69it/s]
Calculating loss...: 2it [00:00,  2.15it/s]
Calculating loss...: 3it [00:01,  1.89it/s]
Calculating loss...: 4it [00:01,  2.12it/s]
Calculating loss...: 5it [00:02,  2.27it/s]
Calculating loss...: 6it [00:02,  2.38it/s]
Calculating loss...: 7it [00:03,  2.65it/s]
Calculating loss...: 8it [00:03,  2.64it/s]
Calculating loss...: 9it [00:03,  2.66it/s]
Calculating loss...: 10it [00:04,  2.65it/s]
Calculating loss...: 11it [00:04,  2.67it/s]
Calculating loss...: 12it [00:05,  2.33it/s]
Calculating loss...: 13it [00:05,  2.40it/s]
Calculating loss...: 14it [00:05,  2.65it/s]
Calculating loss...: 15it [00:06,  2.65it/s]
Calculating loss...: 16it [00:06,  2.65it/s]
Calculating loss...: 17it [00:06,  2.66it/s]
Calculating loss...: 18it [00:07,  2.64it/s]
Calculating loss...: 19it [00:07,  2.63it/s]
Calculating loss...: 20it [00:08,  2.63it/s]
Calculating loss...: 21it [00:08,  2.62it/s]
Calculating loss...: 22it [00:08,  2.82it/s]
Calculating loss...: 23it [00:09,  2.75it/s]
Calculating loss...: 24it [00:09,  2.93it/s]
Calculating loss...: 25it [00:09,  2.83it/s]
Calculating loss...: 26it [00:10,  2.77it/s]
Calculating loss...: 27it [00:10,  2.54it/s]
Calculating loss...: 28it [00:10,  2.55it/s]
Calculating loss...: 29it [00:11,  2.57it/s]
Calculating loss...: 30it [00:11,  2.58it/s]
Calculating loss...: 31it [00:12,  2.59it/s]
Calculating loss...: 32it [00:12,  2.59it/s]
Calculating loss...: 33it [00:12,  2.60it/s]
Calculating loss...: 34it [00:13,  2.60it/s]
Calculating loss...: 35it [00:13,  2.61it/s]
Calculating loss...: 36it [00:14,  2.61it/s]
Calculating loss...: 37it [00:14,  2.61it/s]
Calculating loss...: 38it [00:14,  2.81it/s]
Calculating loss...: 39it [00:15,  2.75it/s]
Calculating loss...: 40it [00:15,  2.71it/s]
Calculating loss...: 41it [00:15,  2.68it/s]
Calculating loss...: 42it [00:16,  2.66it/s]
Calculating loss...: 43it [00:16,  2.65it/s]
Calculating loss...: 44it [00:17,  2.64it/s]
Calculating loss...: 45it [00:17,  2.63it/s]
Calculating loss...: 46it [00:17,  2.62it/s]
Calculating loss...: 47it [00:18,  2.63it/s]
Calculating loss...: 48it [00:18,  2.65it/s]
Calculating loss...: 49it [00:18,  2.66it/s]
Calculating loss...: 50it [00:19,  2.65it/s]
Calculating loss...: 51it [00:19,  2.85it/s]
Calculating loss...: 52it [00:19,  2.79it/s]
Calculating loss...: 53it [00:20,  2.73it/s]
Calculating loss...: 54it [00:20,  2.91it/s]
Calculating loss...: 55it [00:21,  2.81it/s]
Calculating loss...: 56it [00:21,  2.75it/s]
Calculating loss...: 57it [00:21,  2.92it/s]
Calculating loss...: 58it [00:21,  3.05it/s]
Calculating loss...: 59it [00:22,  2.91it/s]
Calculating loss...: 60it [00:22,  2.80it/s]
Calculating loss...: 61it [00:23,  2.75it/s]
Calculating loss...: 62it [00:23,  2.70it/s]
Calculating loss...: 63it [00:23,  2.88it/s]
Calculating loss...: 64it [00:24,  3.02it/s]
Calculating loss...: 65it [00:24,  2.89it/s]
Calculating loss...: 66it [00:24,  2.79it/s]
Calculating loss...: 67it [00:25,  2.73it/s]
Calculating loss...: 68it [00:25,  2.62it/s]
Calculating loss...: 69it [00:25,  2.81it/s]
Calculating loss...: 70it [00:26,  2.74it/s]
Calculating loss...: 71it [00:26,  2.65it/s]
Calculating loss...: 72it [00:27,  2.56it/s]
Calculating loss...: 73it [00:27,  2.46it/s]
Calculating loss...: 74it [00:28,  2.49it/s]
Calculating loss...: 75it [00:28,  2.43it/s]
Calculating loss...: 76it [00:28,  2.39it/s]
Calculating loss...: 77it [00:29,  2.58it/s]
Calculating loss...: 78it [00:29,  2.77it/s]
Calculating loss...: 79it [00:29,  2.78it/s]
Calculating loss...: 80it [00:30,  2.83it/s]
Calculating loss...: 81it [00:30,  2.64it/s]
Calculating loss...: 82it [00:31,  2.54it/s]
Calculating loss...: 83it [00:31,  2.50it/s]
Calculating loss...: 84it [00:31,  2.64it/s]
Calculating loss...: 85it [00:32,  2.58it/s]
Calculating loss...: 86it [00:32,  2.55it/s]
Calculating loss...: 87it [00:33,  2.54it/s]
Calculating loss...: 88it [00:33,  2.73it/s]
Calculating loss...: 89it [00:33,  2.65it/s]
Calculating loss...: 90it [00:34,  2.63it/s]
Calculating loss...: 91it [00:34,  2.63it/s]
Calculating loss...: 92it [00:34,  2.62it/s]
Calculating loss...: 93it [00:35,  2.26it/s]
Calculating loss...: 94it [00:35,  2.32it/s]
Calculating loss...: 94it [00:35,  2.62it/s]
Iter 1: Val loss 4.236, Val took 35.888s
Iter 20: Train loss 2.379, Learning Rate 1.000e-04, It/sec 0.937, Tokens/sec 5.341, Trained Tokens 114, Peak mem 2.975 GB
Iter 40: Train loss 0.347, Learning Rate 1.000e-04, It/sec 1.002, Tokens/sec 5.359, Trained Tokens 221, Peak mem 2.975 GB
Iter 60: Train loss 0.198, Learning Rate 1.000e-04, It/sec 0.992, Tokens/sec 5.404, Trained Tokens 330, Peak mem 2.975 GB
Iter 80: Train loss 0.258, Learning Rate 1.000e-04, It/sec 0.961, Tokens/sec 5.045, Trained Tokens 435, Peak mem 2.975 GB
Iter 100: Train loss 0.284, Learning Rate 1.000e-04, It/sec 0.917, Tokens/sec 4.817, Trained Tokens 540, Peak mem 2.975 GB
Iter 120: Train loss 0.328, Learning Rate 1.000e-04, It/sec 0.987, Tokens/sec 5.133, Trained Tokens 644, Peak mem 2.975 GB
Iter 140: Train loss 0.208, Learning Rate 1.000e-04, It/sec 0.938, Tokens/sec 4.879, Trained Tokens 748, Peak mem 2.975 GB
Iter 160: Train loss 0.137, Learning Rate 1.000e-04, It/sec 0.898, Tokens/sec 4.669, Trained Tokens 852, Peak mem 2.975 GB
Iter 180: Train loss 0.217, Learning Rate 1.000e-04, It/sec 0.934, Tokens/sec 5.044, Trained Tokens 960, Peak mem 2.975 GB
Iter 200: Train loss 0.104, Learning Rate 1.000e-04, It/sec 0.929, Tokens/sec 5.017, Trained Tokens 1068, Peak mem 2.975 GB
Iter 220: Train loss 0.144, Learning Rate 1.000e-04, It/sec 0.901, Tokens/sec 4.908, Trained Tokens 1177, Peak mem 3.062 GB
Iter 240: Train loss 0.168, Learning Rate 1.000e-04, It/sec 0.998, Tokens/sec 4.939, Trained Tokens 1276, Peak mem 3.062 GB
Iter 260: Train loss 0.153, Learning Rate 1.000e-04, It/sec 0.889, Tokens/sec 4.624, Trained Tokens 1380, Peak mem 3.163 GB
Iter 280: Train loss 0.078, Learning Rate 1.000e-04, It/sec 0.826, Tokens/sec 4.128, Trained Tokens 1480, Peak mem 3.163 GB
Iter 300: Train loss 0.102, Learning Rate 1.000e-04, It/sec 0.707, Tokens/sec 3.782, Trained Tokens 1587, Peak mem 3.163 GB
Iter 320: Train loss 0.155, Learning Rate 1.000e-04, It/sec 0.692, Tokens/sec 3.736, Trained Tokens 1695, Peak mem 3.163 GB
Iter 340: Train loss 0.238, Learning Rate 1.000e-04, It/sec 0.747, Tokens/sec 3.922, Trained Tokens 1800, Peak mem 3.163 GB
Iter 360: Train loss 0.116, Learning Rate 1.000e-04, It/sec 0.703, Tokens/sec 3.550, Trained Tokens 1901, Peak mem 3.163 GB

Calculating loss...: 0it [00:00, ?it/s]
Calculating loss...: 1it [00:00,  1.89it/s]
Calculating loss...: 2it [00:01,  1.88it/s]
Calculating loss...: 3it [00:01,  1.87it/s]
Calculating loss...: 4it [00:02,  1.88it/s]
Calculating loss...: 5it [00:02,  1.88it/s]
Calculating loss...: 6it [00:03,  1.89it/s]
Calculating loss...: 7it [00:03,  1.75it/s]
Calculating loss...: 8it [00:04,  1.77it/s]
Calculating loss...: 9it [00:04,  1.80it/s]
Calculating loss...: 10it [00:05,  1.58it/s]
Calculating loss...: 11it [00:06,  1.77it/s]
Calculating loss...: 12it [00:06,  1.80it/s]
Calculating loss...: 13it [00:07,  1.96it/s]
Calculating loss...: 14it [00:07,  2.10it/s]
Calculating loss...: 15it [00:08,  2.03it/s]
Calculating loss...: 16it [00:08,  1.98it/s]
Calculating loss...: 17it [00:09,  1.95it/s]
Calculating loss...: 18it [00:09,  1.92it/s]
Calculating loss...: 19it [00:10,  1.90it/s]
Calculating loss...: 20it [00:10,  1.89it/s]
Calculating loss...: 21it [00:11,  1.88it/s]
Calculating loss...: 22it [00:11,  2.03it/s]
Calculating loss...: 23it [00:12,  1.99it/s]
Calculating loss...: 24it [00:12,  1.95it/s]
Calculating loss...: 25it [00:13,  1.93it/s]
Calculating loss...: 26it [00:13,  1.91it/s]
Calculating loss...: 27it [00:14,  2.05it/s]
Calculating loss...: 28it [00:14,  2.17it/s]
Calculating loss...: 29it [00:15,  2.07it/s]
Calculating loss...: 30it [00:15,  2.01it/s]
Calculating loss...: 31it [00:16,  1.97it/s]
Calculating loss...: 32it [00:16,  2.10it/s]
Calculating loss...: 33it [00:17,  2.03it/s]
Calculating loss...: 34it [00:17,  2.15it/s]
Calculating loss...: 35it [00:17,  2.24it/s]
Calculating loss...: 36it [00:18,  2.12it/s]
Calculating loss...: 37it [00:18,  2.04it/s]
Calculating loss...: 38it [00:19,  1.99it/s]
Calculating loss...: 39it [00:20,  1.95it/s]
Calculating loss...: 40it [00:20,  1.93it/s]
Calculating loss...: 41it [00:21,  1.91it/s]
Calculating loss...: 42it [00:21,  2.04it/s]
Calculating loss...: 43it [00:22,  1.98it/s]
Calculating loss...: 44it [00:22,  1.95it/s]
Calculating loss...: 45it [00:23,  1.79it/s]
Calculating loss...: 46it [00:23,  1.80it/s]
Calculating loss...: 47it [00:24,  1.95it/s]
Calculating loss...: 48it [00:24,  1.92it/s]
Calculating loss...: 49it [00:25,  1.89it/s]
Calculating loss...: 50it [00:25,  1.88it/s]
Calculating loss...: 51it [00:26,  2.03it/s]
Calculating loss...: 52it [00:26,  1.99it/s]
Calculating loss...: 53it [00:27,  1.95it/s]
Calculating loss...: 54it [00:27,  1.89it/s]
Calculating loss...: 55it [00:28,  1.89it/s]
Calculating loss...: 56it [00:28,  1.88it/s]
Calculating loss...: 57it [00:29,  1.88it/s]
Calculating loss...: 58it [00:29,  1.88it/s]
Calculating loss...: 59it [00:30,  1.88it/s]
Calculating loss...: 60it [00:31,  1.64it/s]
Calculating loss...: 61it [00:31,  1.82it/s]
Calculating loss...: 62it [00:32,  1.84it/s]
Calculating loss...: 63it [00:32,  1.85it/s]
Calculating loss...: 64it [00:33,  1.82it/s]
Calculating loss...: 65it [00:33,  1.98it/s]
Calculating loss...: 66it [00:34,  1.95it/s]
Calculating loss...: 67it [00:34,  1.93it/s]
Calculating loss...: 68it [00:35,  1.91it/s]
Calculating loss...: 69it [00:35,  1.91it/s]
Calculating loss...: 70it [00:36,  1.90it/s]
Calculating loss...: 71it [00:36,  1.89it/s]
Calculating loss...: 72it [00:37,  1.89it/s]
Calculating loss...: 73it [00:38,  1.88it/s]
Calculating loss...: 74it [00:38,  1.88it/s]
Calculating loss...: 75it [00:39,  1.89it/s]
Calculating loss...: 76it [00:39,  1.90it/s]
Calculating loss...: 77it [00:40,  1.89it/s]
Calculating loss...: 78it [00:40,  1.88it/s]
Calculating loss...: 79it [00:41,  2.03it/s]
Calculating loss...: 80it [00:41,  2.15it/s]
Calculating loss...: 81it [00:41,  2.24it/s]
Calculating loss...: 82it [00:42,  2.12it/s]
Calculating loss...: 83it [00:42,  2.04it/s]
Calculating loss...: 84it [00:43,  1.99it/s]
Calculating loss...: 85it [00:43,  1.95it/s]
Calculating loss...: 86it [00:44,  1.93it/s]
Calculating loss...: 87it [00:45,  1.92it/s]
Calculating loss...: 88it [00:45,  1.90it/s]
Calculating loss...: 89it [00:45,  2.05it/s]
Calculating loss...: 90it [00:46,  1.99it/s]
Calculating loss...: 91it [00:47,  1.95it/s]
Calculating loss...: 92it [00:47,  1.93it/s]
Calculating loss...: 93it [00:48,  1.91it/s]
Calculating loss...: 94it [00:48,  1.90it/s]
Calculating loss...: 94it [00:48,  1.93it/s]
Iter 372: Val loss 0.153, Val took 48.678s
Iter 372: Saved adapter weights to adapters/local-full/adapters.safetensors and adapters/local-full/0000372_adapters.safetensors.
Iter 380: Train loss 0.148, Learning Rate 1.000e-04, It/sec 0.726, Tokens/sec 3.955, Trained Tokens 2010, Peak mem 3.163 GB
Iter 400: Train loss 0.056, Learning Rate 1.000e-04, It/sec 0.718, Tokens/sec 4.127, Trained Tokens 2125, Peak mem 3.163 GB
Iter 420: Train loss 0.100, Learning Rate 1.000e-04, It/sec 0.710, Tokens/sec 3.729, Trained Tokens 2230, Peak mem 3.163 GB
Iter 440: Train loss 0.028, Learning Rate 1.000e-04, It/sec 0.702, Tokens/sec 3.580, Trained Tokens 2332, Peak mem 3.163 GB
Iter 460: Train loss 0.039, Learning Rate 1.000e-04, It/sec 0.745, Tokens/sec 3.725, Trained Tokens 2432, Peak mem 3.253 GB
Iter 480: Train loss 0.038, Learning Rate 1.000e-04, It/sec 0.687, Tokens/sec 3.813, Trained Tokens 2543, Peak mem 3.253 GB
Iter 500: Train loss 0.096, Learning Rate 1.000e-04, It/sec 0.673, Tokens/sec 3.535, Trained Tokens 2648, Peak mem 3.253 GB
Iter 520: Train loss 0.028, Learning Rate 1.000e-04, It/sec 0.650, Tokens/sec 3.380, Trained Tokens 2752, Peak mem 3.253 GB
Iter 540: Train loss 0.096, Learning Rate 1.000e-04, It/sec 0.663, Tokens/sec 3.450, Trained Tokens 2856, Peak mem 3.253 GB
Iter 560: Train loss 0.188, Learning Rate 1.000e-04, It/sec 0.694, Tokens/sec 3.676, Trained Tokens 2962, Peak mem 3.253 GB
Iter 580: Train loss 0.055, Learning Rate 1.000e-04, It/sec 0.711, Tokens/sec 3.805, Trained Tokens 3069, Peak mem 3.253 GB
Iter 600: Train loss 0.053, Learning Rate 1.000e-04, It/sec 0.705, Tokens/sec 3.879, Trained Tokens 3179, Peak mem 3.253 GB
Iter 620: Train loss 0.088, Learning Rate 1.000e-04, It/sec 0.692, Tokens/sec 3.667, Trained Tokens 3285, Peak mem 3.253 GB
Iter 640: Train loss 0.140, Learning Rate 1.000e-04, It/sec 0.699, Tokens/sec 3.742, Trained Tokens 3392, Peak mem 3.253 GB
Iter 660: Train loss 0.198, Learning Rate 1.000e-04, It/sec 0.711, Tokens/sec 3.377, Trained Tokens 3487, Peak mem 3.253 GB
Iter 680: Train loss 0.071, Learning Rate 1.000e-04, It/sec 0.708, Tokens/sec 3.648, Trained Tokens 3590, Peak mem 3.253 GB
Iter 700: Train loss 0.160, Learning Rate 1.000e-04, It/sec 0.849, Tokens/sec 4.711, Trained Tokens 3701, Peak mem 3.253 GB
Iter 720: Train loss 0.086, Learning Rate 1.000e-04, It/sec 0.961, Tokens/sec 5.331, Trained Tokens 3812, Peak mem 3.253 GB
Iter 740: Train loss 0.082, Learning Rate 1.000e-04, It/sec 0.941, Tokens/sec 4.800, Trained Tokens 3914, Peak mem 3.253 GB

Calculating loss...: 0it [00:00, ?it/s]
Calculating loss...: 1it [00:00,  2.46it/s]
Calculating loss...: 2it [00:00,  2.45it/s]
Calculating loss...: 3it [00:01,  2.77it/s]
Calculating loss...: 4it [00:01,  2.95it/s]
Calculating loss...: 5it [00:01,  2.75it/s]
Calculating loss...: 6it [00:02,  2.64it/s]
Calculating loss...: 7it [00:02,  2.58it/s]
Calculating loss...: 8it [00:03,  2.54it/s]
Calculating loss...: 9it [00:03,  2.20it/s]
Calculating loss...: 10it [00:04,  2.27it/s]
Calculating loss...: 11it [00:04,  2.05it/s]
Calculating loss...: 12it [00:05,  2.16it/s]
Calculating loss...: 13it [00:05,  2.24it/s]
Calculating loss...: 14it [00:05,  2.30it/s]
Calculating loss...: 15it [00:06,  2.35it/s]
Calculating loss...: 16it [00:06,  2.39it/s]
Calculating loss...: 17it [00:07,  2.42it/s]
Calculating loss...: 18it [00:07,  2.42it/s]
Calculating loss...: 19it [00:07,  2.27it/s]
Calculating loss...: 20it [00:08,  2.32it/s]
Calculating loss...: 21it [00:08,  2.52it/s]
Calculating loss...: 22it [00:09,  2.69it/s]
Calculating loss...: 23it [00:09,  2.62it/s]
Calculating loss...: 24it [00:09,  2.56it/s]
Calculating loss...: 25it [00:10,  2.53it/s]
Calculating loss...: 26it [00:10,  2.51it/s]
Calculating loss...: 27it [00:11,  2.51it/s]
Calculating loss...: 28it [00:11,  2.51it/s]
Calculating loss...: 29it [00:11,  2.50it/s]
Calculating loss...: 30it [00:12,  2.49it/s]
Calculating loss...: 31it [00:12,  2.67it/s]
Calculating loss...: 32it [00:12,  2.60it/s]
Calculating loss...: 33it [00:13,  2.56it/s]
Calculating loss...: 34it [00:13,  2.54it/s]
Calculating loss...: 35it [00:14,  2.52it/s]
Calculating loss...: 36it [00:14,  2.49it/s]
Calculating loss...: 37it [00:15,  2.49it/s]
Calculating loss...: 38it [00:15,  2.48it/s]
Calculating loss...: 39it [00:15,  2.67it/s]
Calculating loss...: 40it [00:16,  2.61it/s]
Calculating loss...: 41it [00:16,  2.56it/s]
Calculating loss...: 42it [00:16,  2.53it/s]
Calculating loss...: 43it [00:17,  2.71it/s]
Calculating loss...: 44it [00:17,  2.63it/s]
Calculating loss...: 45it [00:18,  2.59it/s]
Calculating loss...: 46it [00:18,  2.55it/s]
Calculating loss...: 47it [00:18,  2.35it/s]
Calculating loss...: 48it [00:19,  2.55it/s]
Calculating loss...: 49it [00:19,  2.72it/s]
Calculating loss...: 50it [00:19,  2.64it/s]
Calculating loss...: 51it [00:20,  2.58it/s]
Calculating loss...: 52it [00:20,  2.75it/s]
Calculating loss...: 53it [00:21,  2.67it/s]
Calculating loss...: 54it [00:21,  2.62it/s]
Calculating loss...: 55it [00:21,  2.59it/s]
Calculating loss...: 56it [00:22,  2.56it/s]
Calculating loss...: 57it [00:22,  2.53it/s]
Calculating loss...: 58it [00:23,  2.51it/s]
Calculating loss...: 59it [00:23,  2.49it/s]
Calculating loss...: 60it [00:23,  2.68it/s]
Calculating loss...: 61it [00:24,  2.62it/s]
Calculating loss...: 62it [00:24,  2.57it/s]
Calculating loss...: 63it [00:25,  2.55it/s]
Calculating loss...: 64it [00:25,  2.53it/s]
Calculating loss...: 65it [00:25,  2.53it/s]
Calculating loss...: 66it [00:26,  2.51it/s]
Calculating loss...: 67it [00:26,  2.51it/s]
Calculating loss...: 68it [00:27,  2.50it/s]
Calculating loss...: 69it [00:27,  2.49it/s]
Calculating loss...: 70it [00:27,  2.69it/s]
Calculating loss...: 71it [00:28,  2.62it/s]
Calculating loss...: 72it [00:28,  2.57it/s]
Calculating loss...: 73it [00:28,  2.54it/s]
Calculating loss...: 74it [00:29,  2.52it/s]
Calculating loss...: 75it [00:29,  2.52it/s]
Calculating loss...: 76it [00:30,  2.51it/s]
Calculating loss...: 77it [00:30,  2.49it/s]
Calculating loss...: 78it [00:30,  2.49it/s]
Calculating loss...: 79it [00:31,  2.48it/s]
Calculating loss...: 80it [00:31,  2.48it/s]
Calculating loss...: 81it [00:32,  2.48it/s]
Calculating loss...: 82it [00:32,  2.66it/s]
Calculating loss...: 83it [00:32,  2.81it/s]
Calculating loss...: 84it [00:33,  2.92it/s]
Calculating loss...: 85it [00:33,  2.77it/s]
Calculating loss...: 86it [00:33,  2.90it/s]
Calculating loss...: 87it [00:34,  2.99it/s]
Calculating loss...: 88it [00:34,  2.83it/s]
Calculating loss...: 89it [00:34,  2.94it/s]
Calculating loss...: 90it [00:35,  2.77it/s]
Calculating loss...: 91it [00:35,  2.68it/s]
Calculating loss...: 92it [00:36,  2.62it/s]
Calculating loss...: 93it [00:36,  2.58it/s]
Calculating loss...: 94it [00:36,  2.55it/s]
Calculating loss...: 94it [00:36,  2.55it/s]
Iter 744: Val loss 0.103, Val took 36.893s
Iter 744: Saved adapter weights to adapters/local-full/adapters.safetensors and adapters/local-full/0000744_adapters.safetensors.
Iter 760: Train loss 0.039, Learning Rate 1.000e-04, It/sec 0.911, Tokens/sec 4.872, Trained Tokens 4021, Peak mem 3.253 GB
Iter 780: Train loss 0.065, Learning Rate 1.000e-04, It/sec 0.978, Tokens/sec 5.038, Trained Tokens 4124, Peak mem 3.253 GB
Iter 800: Train loss 0.037, Learning Rate 1.000e-04, It/sec 0.962, Tokens/sec 5.289, Trained Tokens 4234, Peak mem 3.253 GB
Iter 820: Train loss 0.089, Learning Rate 1.000e-04, It/sec 0.908, Tokens/sec 4.495, Trained Tokens 4333, Peak mem 3.253 GB
Iter 840: Train loss 0.065, Learning Rate 1.000e-04, It/sec 0.990, Tokens/sec 4.948, Trained Tokens 4433, Peak mem 3.253 GB
Iter 860: Train loss 0.093, Learning Rate 1.000e-04, It/sec 0.952, Tokens/sec 4.949, Trained Tokens 4537, Peak mem 3.253 GB
Iter 880: Train loss 0.023, Learning Rate 1.000e-04, It/sec 0.920, Tokens/sec 5.153, Trained Tokens 4649, Peak mem 3.253 GB
Iter 900: Train loss 0.030, Learning Rate 1.000e-04, It/sec 0.918, Tokens/sec 4.589, Trained Tokens 4749, Peak mem 3.253 GB
Iter 920: Train loss 0.050, Learning Rate 1.000e-04, It/sec 0.952, Tokens/sec 4.950, Trained Tokens 4853, Peak mem 3.253 GB
Iter 940: Train loss 0.079, Learning Rate 1.000e-04, It/sec 0.897, Tokens/sec 4.846, Trained Tokens 4961, Peak mem 3.253 GB
Iter 960: Train loss 0.062, Learning Rate 1.000e-04, It/sec 0.945, Tokens/sec 5.294, Trained Tokens 5073, Peak mem 3.253 GB
Iter 980: Train loss 0.015, Learning Rate 1.000e-04, It/sec 0.964, Tokens/sec 5.299, Trained Tokens 5183, Peak mem 3.253 GB
Iter 1000: Train loss 0.012, Learning Rate 1.000e-04, It/sec 0.926, Tokens/sec 4.815, Trained Tokens 5287, Peak mem 3.253 GB
Iter 1020: Train loss 0.048, Learning Rate 1.000e-04, It/sec 0.929, Tokens/sec 4.828, Trained Tokens 5391, Peak mem 3.253 GB
Iter 1040: Train loss 0.072, Learning Rate 1.000e-04, It/sec 0.941, Tokens/sec 4.846, Trained Tokens 5494, Peak mem 3.253 GB
Iter 1060: Train loss 0.004, Learning Rate 1.000e-04, It/sec 0.973, Tokens/sec 5.159, Trained Tokens 5600, Peak mem 3.253 GB
Iter 1080: Train loss 0.023, Learning Rate 1.000e-04, It/sec 0.962, Tokens/sec 5.385, Trained Tokens 5712, Peak mem 3.253 GB
Iter 1100: Train loss 0.013, Learning Rate 1.000e-04, It/sec 0.926, Tokens/sec 5.045, Trained Tokens 5821, Peak mem 3.253 GB

Calculating loss...: 0it [00:00, ?it/s]
Calculating loss...: 1it [00:00,  2.50it/s]
Calculating loss...: 2it [00:00,  2.49it/s]
Calculating loss...: 3it [00:01,  2.46it/s]
Calculating loss...: 4it [00:01,  2.46it/s]
Calculating loss...: 5it [00:01,  2.68it/s]
Calculating loss...: 6it [00:02,  2.61it/s]
Calculating loss...: 7it [00:02,  2.56it/s]
Calculating loss...: 8it [00:03,  2.52it/s]
Calculating loss...: 9it [00:03,  2.70it/s]
Calculating loss...: 10it [00:03,  2.62it/s]
Calculating loss...: 11it [00:04,  2.57it/s]
Calculating loss...: 12it [00:04,  2.53it/s]
Calculating loss...: 13it [00:05,  2.50it/s]
Calculating loss...: 14it [00:05,  2.49it/s]
Calculating loss...: 15it [00:05,  2.48it/s]
Calculating loss...: 16it [00:06,  2.67it/s]
Calculating loss...: 17it [00:06,  2.60it/s]
Calculating loss...: 18it [00:07,  2.55it/s]
Calculating loss...: 19it [00:07,  2.52it/s]
Calculating loss...: 20it [00:07,  2.50it/s]
Calculating loss...: 21it [00:08,  2.33it/s]
Calculating loss...: 22it [00:08,  2.36it/s]
Calculating loss...: 23it [00:09,  2.40it/s]
Calculating loss...: 24it [00:09,  2.60it/s]
Calculating loss...: 25it [00:09,  2.55it/s]
Calculating loss...: 26it [00:10,  2.72it/s]
Calculating loss...: 27it [00:10,  2.86it/s]
Calculating loss...: 28it [00:10,  2.72it/s]
Calculating loss...: 29it [00:11,  2.63it/s]
Calculating loss...: 30it [00:11,  2.58it/s]
Calculating loss...: 31it [00:12,  2.55it/s]
Calculating loss...: 32it [00:12,  2.53it/s]
Calculating loss...: 33it [00:12,  2.50it/s]
Calculating loss...: 34it [00:13,  2.48it/s]
Calculating loss...: 35it [00:13,  2.67it/s]
Calculating loss...: 36it [00:13,  2.82it/s]
Calculating loss...: 37it [00:14,  2.70it/s]
Calculating loss...: 38it [00:14,  2.62it/s]
Calculating loss...: 39it [00:15,  2.78it/s]
Calculating loss...: 40it [00:15,  2.90it/s]
Calculating loss...: 41it [00:15,  2.75it/s]
Calculating loss...: 42it [00:16,  2.65it/s]
Calculating loss...: 43it [00:16,  2.59it/s]
Calculating loss...: 44it [00:17,  2.55it/s]
Calculating loss...: 45it [00:17,  2.53it/s]
Calculating loss...: 46it [00:17,  2.50it/s]
Calculating loss...: 47it [00:18,  2.49it/s]
Calculating loss...: 48it [00:18,  2.48it/s]
Calculating loss...: 49it [00:18,  2.67it/s]
Calculating loss...: 50it [00:19,  2.60it/s]
Calculating loss...: 51it [00:19,  2.55it/s]
Calculating loss...: 52it [00:20,  2.72it/s]
Calculating loss...: 53it [00:20,  2.64it/s]
Calculating loss...: 54it [00:20,  2.80it/s]
Calculating loss...: 55it [00:21,  2.68it/s]
Calculating loss...: 56it [00:21,  2.61it/s]
Calculating loss...: 57it [00:22,  2.56it/s]
Calculating loss...: 58it [00:22,  2.21it/s]
Calculating loss...: 59it [00:23,  2.28it/s]
Calculating loss...: 60it [00:23,  2.33it/s]
Calculating loss...: 61it [00:23,  2.37it/s]
Calculating loss...: 62it [00:24,  2.40it/s]
Calculating loss...: 63it [00:24,  2.61it/s]
Calculating loss...: 64it [00:24,  2.56it/s]
Calculating loss...: 65it [00:25,  2.52it/s]
Calculating loss...: 66it [00:25,  2.51it/s]
Calculating loss...: 67it [00:26,  2.50it/s]
Calculating loss...: 68it [00:26,  2.50it/s]
Calculating loss...: 69it [00:26,  2.49it/s]
Calculating loss...: 70it [00:27,  2.48it/s]
Calculating loss...: 71it [00:27,  2.46it/s]
Calculating loss...: 72it [00:28,  2.47it/s]
Calculating loss...: 73it [00:28,  2.47it/s]
Calculating loss...: 74it [00:29,  2.48it/s]
Calculating loss...: 75it [00:29,  2.48it/s]
Calculating loss...: 76it [00:29,  2.47it/s]
Calculating loss...: 77it [00:30,  2.47it/s]
Calculating loss...: 78it [00:30,  2.46it/s]
Calculating loss...: 79it [00:30,  2.65it/s]
Calculating loss...: 80it [00:31,  2.59it/s]
Calculating loss...: 81it [00:31,  2.55it/s]
Calculating loss...: 82it [00:32,  2.52it/s]
Calculating loss...: 83it [00:32,  2.50it/s]
Calculating loss...: 84it [00:32,  2.49it/s]
Calculating loss...: 85it [00:33,  2.18it/s]
Calculating loss...: 86it [00:33,  2.26it/s]
Calculating loss...: 87it [00:34,  2.32it/s]
Calculating loss...: 88it [00:34,  2.53it/s]
Calculating loss...: 89it [00:35,  2.70it/s]
Calculating loss...: 90it [00:35,  2.62it/s]
Calculating loss...: 91it [00:35,  2.40it/s]
Calculating loss...: 92it [00:36,  2.59it/s]
Calculating loss...: 93it [00:36,  2.55it/s]
Calculating loss...: 94it [00:37,  2.52it/s]
Calculating loss...: 94it [00:37,  2.54it/s]
Iter 1116: Val loss 0.088, Val took 37.052s
Iter 1116: Train loss 0.023, Learning Rate 1.000e-04, It/sec 1.186, Tokens/sec 4.743, Trained Tokens 5901, Peak mem 3.253 GB
Iter 1116: Saved adapter weights to adapters/local-full/adapters.safetensors and adapters/local-full/0001116_adapters.safetensors.
Saved final weights to adapters/local-full/adapters.safetensors.
